INFO:     Started server process [11152]
INFO:     Waiting for application startup.
2026-10-03 14:39:00,604  WARNING   root  auth 001_add_role_perm_unique.sql 子句 #1 跳过: 为兼容老 PG,用 INFORMATION_SCHEMA
DELETE FROM sys_role_permissions a
USING sys_role_p | err=(sqlalchemy.dialects.postgresql.asyncpg.ProgrammingError) <class 'asyncpg.exceptions.PostgresSyntaxError'>: syntax error at or near "为兼容老"
[SQL: 为兼容老 PG,用 INFORMATION_SCHEMA
DELETE FROM sys_role_permissions a
USING sys_role_permissions b
WHERE a.role_id = b.role_id
  AND a.permission_id = b.permission_id
  AND a.id > b.id]
(Background on this error at: https://sqlalche.me/e/20/f405)
2026-10-03 14:39:00,765  WARNING   root  auth 001_add_role_perm_unique.sql 子句 #2 跳过: ALTER TABLE sys_role_permissions
    ADD CONSTRAINT uq_sys_role_permissions_role | err=(sqlalchemy.dialects.postgresql.asyncpg.ProgrammingError) <class 'asyncpg.exceptions.DuplicateTableError'>: relation "uq_sys_role_permissions_role_perm" already exists
[SQL: ALTER TABLE sys_role_permissions
    ADD CONSTRAINT uq_sys_role_permissions_role_perm
    UNIQUE (role_id, permission_id)]
(Background on this error at: https://sqlalche.me/e/20/f405)
2026-10-03 14:39:01,088  WARNING   root  auth 001_add_role_perm_unique.sql 子句 #4 跳过: ALTER TABLE sys_user_roles
    ADD CONSTRAINT uq_sys_user_roles_user_role
    UN | err=(sqlalchemy.dialects.postgresql.asyncpg.ProgrammingError) <class 'asyncpg.exceptions.DuplicateTableError'>: relation "uq_sys_user_roles_user_role" already exists
[SQL: ALTER TABLE sys_user_roles
    ADD CONSTRAINT uq_sys_user_roles_user_role
    UNIQUE (user_id, role_id)]
(Background on this error at: https://sqlalche.me/e/20/f405)
2026-10-03 14:39:01,089  INFO      root  auth 001_add_role_perm_unique.sql 迁移完成: success=1 skip=3
2026-10-03 14:39:03,835  INFO      root  auth 002_auth_system.sql 迁移完成: success=17 skip=0
2026-10-03 14:39:04,652  INFO      root  auth 003_drop_username.sql 迁移完成: success=5 skip=0
2026-10-03 14:39:05,138  INFO      root  auth 005_drop_redis_replaced_tables.sql 迁移完成: success=3 skip=0
2026-10-03 14:39:05,606  INFO      root  admin@local hash 校验通过,无需重置
2026-10-03 14:39:05,927  INFO      application.port.registry  注册单例: KlineFetcher ← TushareFetcher
2026-10-03 14:39:05,927  INFO      application.port.registry  注册工厂: KlineFetcher
2026-10-03 14:39:05,928  INFO      application.port.registry  注册单例: StockBasicFetcher ← TushareFetcher
2026-10-03 14:39:05,928  INFO      application.port.registry  注册工厂: StockBasicFetcher
2026-10-03 14:39:05,928  INFO      application.port.registry  注册单例: DailyBasicFetcher ← TushareFetcher
2026-10-03 14:39:05,928  INFO      application.port.registry  注册工厂: DailyBasicFetcher
2026-10-03 14:39:05,928  INFO      application.port.registry  注册单例: FinReportFetcher ← TushareFetcher
2026-10-03 14:39:05,928  INFO      application.port.registry  注册单例: MinuteKlineFetcher ← PytdxFetcher
2026-10-03 14:39:05,928  INFO      application.port.registry  注册工厂: MinuteKlineFetcher
2026-10-03 14:39:05,967  INFO      application.port.registry  注册单例: ConceptFetcher ← AdataConceptFetcher
2026-10-03 14:39:05,968  INFO      application.port.registry  注册工厂: ConceptFetcher
2026-10-03 14:39:05,968  INFO      infrastructure.config.di  FetcherRegistry 初始化完成: FetcherRegistry(providers=['KlineFetcher', 'StockBasicFetcher', 'DailyBasicFetcher', 'FinReportFetcher', 'MinuteKlineFetcher', 'ConceptFetcher'], factories=['KlineFetcher', 'StockBasicFetcher', 'DailyBasicFetcher', 'MinuteKlineFetcher', 'ConceptFetcher'])
2026-10-03 14:39:05,968  INFO      infrastructure.adapter.scheduler.collect.registry  注册采集任务: daily_kline → DailyKlineCollectTask
2026-10-03 14:39:05,968  INFO      infrastructure.adapter.scheduler.collect.registry  注册采集任务: daily_basic → DailyBasicCollectTask
2026-10-03 14:39:05,968  INFO      infrastructure.adapter.scheduler.collect.registry  注册采集任务: stock_basic → StockBasicCollectTask
2026-10-03 14:39:05,968  INFO      infrastructure.adapter.scheduler.collect.registry  注册采集任务: fin_report → FinReportCollectTask
2026-10-03 14:39:05,968  INFO      infrastructure.adapter.scheduler.collect.registry  注册采集任务: concept → ConceptListCollectTask
2026-10-03 14:39:05,968  INFO      infrastructure.adapter.scheduler.collect.registry  注册采集任务: concept_membership → ConceptMembershipCollectTask
2026-10-03 14:39:05,968  INFO      infrastructure.adapter.scheduler.collect.registry  注册采集任务: concept_index_th → ConceptIndexTHCollectTask
2026-10-03 14:39:05,968  INFO      infrastructure.adapter.scheduler.collect.registry  注册采集任务: base_adj_factor → BaseAdjFactorCollectTask
2026-10-03 14:39:05,968  INFO      infrastructure.adapter.scheduler.collect.registry  注册采集任务: base_suspend → BaseSuspendCollectTask
2026-10-03 14:39:05,968  INFO      infrastructure.adapter.scheduler.collect.registry  注册采集任务: base_name_change → BaseNameChangeCollectTask
2026-10-03 14:39:05,968  INFO      infrastructure.adapter.scheduler.collect.registry  注册采集任务: minute_kline → MinuteKlineCollectTask
2026-10-03 14:39:05,968  INFO      infrastructure.adapter.scheduler.collect.registry  注册采集任务: cap_margin_detail → CapMarginDetailCollectTask
2026-10-03 14:39:05,968  INFO      infrastructure.adapter.scheduler.collect.registry  注册采集任务: cap_moneyflow → CapMoneyflowCollectTask
2026-10-03 14:39:05,968  INFO      infrastructure.adapter.scheduler.collect.registry  注册采集任务: cap_top_list → CapTopListCollectTask
2026-10-03 14:39:05,968  INFO      infrastructure.adapter.scheduler.collect.registry  注册采集任务: cap_top_inst → CapTopInstCollectTask
2026-10-03 14:39:05,968  INFO      infrastructure.adapter.scheduler.collect.registry  注册采集任务: cap_block_trade → CapBlockTradeCollectTask
2026-10-03 14:39:05,968  INFO      infrastructure.adapter.scheduler.collect.registry  注册采集任务: cap_holder_num → CapHolderNumCollectTask
2026-10-03 14:39:05,968  INFO      infrastructure.adapter.scheduler.collect.registry  注册采集任务: fin_top10_holders → FinTop10HoldersCollectTask
2026-10-03 14:39:05,968  INFO      infrastructure.adapter.scheduler.collect.registry  注册采集任务: fin_top10_floatholders → FinTop10FloatHoldersCollectTask
2026-10-03 14:39:05,968  INFO      infrastructure.adapter.scheduler.collect.registry  注册采集任务: base_dividend → BaseDividendCollectTask
2026-10-03 14:39:05,968  INFO      infrastructure.adapter.scheduler.collect.registry  注册采集任务: news_article → NewsArticleCollectTask
2026-10-03 14:39:05,968  INFO      infrastructure.adapter.realtime.registry  注册实时接口: concept_minute → ConceptMinuteQuery
2026-10-03 14:39:05,968  INFO      infrastructure.adapter.realtime.registry  注册实时接口: stock_minute_kline → StockMinuteKlineQuery
2026-10-03 14:39:06,446  INFO      apscheduler.scheduler  Scheduler started
2026-10-03 14:39:06,446  INFO      infrastructure.adapter.scheduler.collect_scheduler  采集调度器已启动: 0 个 job
INFO:     Application startup complete.
INFO:     Uvicorn running on http://127.0.0.1:8001 (Press CTRL+C to quit)
INFO:     127.0.0.1:53878 - "GET /api/v1/concepts/concept-board?page_size=2 HTTP/1.1" 200 OK
INFO:     127.0.0.1:55280 - "GET /api/v1/concepts/concept-board?page_size=2 HTTP/1.1" 200 OK
INFO:     127.0.0.1:53384 - "GET /api/v1/concepts/concept-board?type_filter=all&sort_by=pct_change&order=desc&page=1&page_size=500 HTTP/1.1" 200 OK
INFO:     127.0.0.1:60660 - "GET /api/v1/auth/captcha/generate HTTP/1.1" 200 OK
2026-10-03 14:53:13,778  ERROR     root  未处理的异常: AuthAppService.__init__() takes 1 positional argument but 2 were given
Traceback (most recent call last):
  File "C:\Users\12941\AppData\Local\Programs\Python\Python313\Lib\site-packages\starlette\middleware\errors.py", line 165, in __call__
    await self.app(scope, receive, _send)
  File "C:\Users\12941\AppData\Local\Programs\Python\Python313\Lib\site-packages\starlette\middleware\cors.py", line 85, in __call__
    await self.app(scope, receive, send)
  File "C:\Users\12941\AppData\Local\Programs\Python\Python313\Lib\site-packages\starlette\middleware\exceptions.py", line 62, in __call__
    await wrap_app_handling_exceptions(self.app, conn)(scope, receive, send)
  File "C:\Users\12941\AppData\Local\Programs\Python\Python313\Lib\site-packages\starlette\_exception_handler.py", line 62, in wrapped_app
    raise exc
  File "C:\Users\12941\AppData\Local\Programs\Python\Python313\Lib\site-packages\starlette\_exception_handler.py", line 51, in wrapped_app
    await app(scope, receive, sender)
  File "C:\Users\12941\AppData\Local\Programs\Python\Python313\Lib\site-packages\starlette\routing.py", line 715, in __call__
    await self.middleware_stack(scope, receive, send)
  File "C:\Users\12941\AppData\Local\Programs\Python\Python313\Lib\site-packages\starlette\routing.py", line 735, in app
    await route.handle(scope, receive, send)
  File "C:\Users\12941\AppData\Local\Programs\Python\Python313\Lib\site-packages\starlette\routing.py", line 288, in handle
    await self.app(scope, receive, send)
  File "C:\Users\12941\AppData\Local\Programs\Python\Python313\Lib\site-packages\starlette\routing.py", line 76, in app
    await wrap_app_handling_exceptions(app, request)(scope, receive, send)
  File "C:\Users\12941\AppData\Local\Programs\Python\Python313\Lib\site-packages\starlette\_exception_handler.py", line 62, in wrapped_app
    raise exc
  File "C:\Users\12941\AppData\Local\Programs\Python\Python313\Lib\site-packages\starlette\_exception_handler.py", line 51, in wrapped_app
    await app(scope, receive, sender)
  File "C:\Users\12941\AppData\Local\Programs\Python\Python313\Lib\site-packages\starlette\routing.py", line 73, in app
    response = await f(request)
               ^^^^^^^^^^^^^^^^
  File "C:\Users\12941\AppData\Local\Programs\Python\Python313\Lib\site-packages\fastapi\routing.py", line 291, in app
    solved_result = await solve_dependencies(
                    ^^^^^^^^^^^^^^^^^^^^^^^^^
    ...<6 lines>...
    )
    ^
  File "C:\Users\12941\AppData\Local\Programs\Python\Python313\Lib\site-packages\fastapi\dependencies\utils.py", line 628, in solve_dependencies
    solved = await call(**solved_result.values)
             ^^^^^^^^^^^^^^^^^^^^^^^^^^^^^^^^^^
  File "D:\codes\Attribution_Analysis\backend\src\route\api\v1\deps_auth.py", line 37, in get_current_user_id
    svc = AuthAppService(session)
TypeError: AuthAppService.__init__() takes 1 positional argument but 2 were given
INFO:     127.0.0.1:62754 - "GET /api/v1/auth/me HTTP/1.1" 500 Internal Server Error
ERROR:    Exception in ASGI application
Traceback (most recent call last):
  File "C:\Users\12941\AppData\Local\Programs\Python\Python313\Lib\site-packages\uvicorn\protocols\http\httptools_impl.py", line 401, in run_asgi
    result = await app(  # type: ignore[func-returns-value]
             ^^^^^^^^^^^^^^^^^^^^^^^^^^^^^^^^^^^^^^^^^^^^^^
        self.scope, self.receive, self.send
        ^^^^^^^^^^^^^^^^^^^^^^^^^^^^^^^^^^^
    )
    ^
  File "C:\Users\12941\AppData\Local\Programs\Python\Python313\Lib\site-packages\uvicorn\middleware\proxy_headers.py", line 70, in __call__
    return await self.app(scope, receive, send)
           ^^^^^^^^^^^^^^^^^^^^^^^^^^^^^^^^^^^^
  File "C:\Users\12941\AppData\Local\Programs\Python\Python313\Lib\site-packages\fastapi\applications.py", line 1054, in __call__
    await super().__call__(scope, receive, send)
  File "C:\Users\12941\AppData\Local\Programs\Python\Python313\Lib\site-packages\starlette\applications.py", line 113, in __call__
    await self.middleware_stack(scope, receive, send)
  File "C:\Users\12941\AppData\Local\Programs\Python\Python313\Lib\site-packages\starlette\middleware\errors.py", line 187, in __call__
    raise exc
  File "C:\Users\12941\AppData\Local\Programs\Python\Python313\Lib\site-packages\starlette\middleware\errors.py", line 165, in __call__
    await self.app(scope, receive, _send)
  File "C:\Users\12941\AppData\Local\Programs\Python\Python313\Lib\site-packages\starlette\middleware\cors.py", line 85, in __call__
    await self.app(scope, receive, send)
  File "C:\Users\12941\AppData\Local\Programs\Python\Python313\Lib\site-packages\starlette\middleware\exceptions.py", line 62, in __call__
    await wrap_app_handling_exceptions(self.app, conn)(scope, receive, send)
  File "C:\Users\12941\AppData\Local\Programs\Python\Python313\Lib\site-packages\starlette\_exception_handler.py", line 62, in wrapped_app
    raise exc
  File "C:\Users\12941\AppData\Local\Programs\Python\Python313\Lib\site-packages\starlette\_exception_handler.py", line 51, in wrapped_app
    await app(scope, receive, sender)
  File "C:\Users\12941\AppData\Local\Programs\Python\Python313\Lib\site-packages\starlette\routing.py", line 715, in __call__
    await self.middleware_stack(scope, receive, send)
  File "C:\Users\12941\AppData\Local\Programs\Python\Python313\Lib\site-packages\starlette\routing.py", line 735, in app
    await route.handle(scope, receive, send)
  File "C:\Users\12941\AppData\Local\Programs\Python\Python313\Lib\site-packages\starlette\routing.py", line 288, in handle
    await self.app(scope, receive, send)
  File "C:\Users\12941\AppData\Local\Programs\Python\Python313\Lib\site-packages\starlette\routing.py", line 76, in app
    await wrap_app_handling_exceptions(app, request)(scope, receive, send)
  File "C:\Users\12941\AppData\Local\Programs\Python\Python313\Lib\site-packages\starlette\_exception_handler.py", line 62, in wrapped_app
    raise exc
  File "C:\Users\12941\AppData\Local\Programs\Python\Python313\Lib\site-packages\starlette\_exception_handler.py", line 51, in wrapped_app
    await app(scope, receive, sender)
  File "C:\Users\12941\AppData\Local\Programs\Python\Python313\Lib\site-packages\starlette\routing.py", line 73, in app
    response = await f(request)
               ^^^^^^^^^^^^^^^^
  File "C:\Users\12941\AppData\Local\Programs\Python\Python313\Lib\site-packages\fastapi\routing.py", line 291, in app
    solved_result = await solve_dependencies(
                    ^^^^^^^^^^^^^^^^^^^^^^^^^
    ...<6 lines>...
    )
    ^
  File "C:\Users\12941\AppData\Local\Programs\Python\Python313\Lib\site-packages\fastapi\dependencies\utils.py", line 628, in solve_dependencies
    solved = await call(**solved_result.values)
             ^^^^^^^^^^^^^^^^^^^^^^^^^^^^^^^^^^
  File "D:\codes\Attribution_Analysis\backend\src\route\api\v1\deps_auth.py", line 37, in get_current_user_id
    svc = AuthAppService(session)
TypeError: AuthAppService.__init__() takes 1 positional argument but 2 were given
2026-10-03 14:53:13,881  ERROR     root  未处理的异常: AuthAppService.__init__() takes 1 positional argument but 2 were given
Traceback (most recent call last):
  File "C:\Users\12941\AppData\Local\Programs\Python\Python313\Lib\site-packages\starlette\middleware\errors.py", line 165, in __call__
    await self.app(scope, receive, _send)
  File "C:\Users\12941\AppData\Local\Programs\Python\Python313\Lib\site-packages\starlette\middleware\cors.py", line 85, in __call__
    await self.app(scope, receive, send)
  File "C:\Users\12941\AppData\Local\Programs\Python\Python313\Lib\site-packages\starlette\middleware\exceptions.py", line 62, in __call__
    await wrap_app_handling_exceptions(self.app, conn)(scope, receive, send)
  File "C:\Users\12941\AppData\Local\Programs\Python\Python313\Lib\site-packages\starlette\_exception_handler.py", line 62, in wrapped_app
    raise exc
  File "C:\Users\12941\AppData\Local\Programs\Python\Python313\Lib\site-packages\starlette\_exception_handler.py", line 51, in wrapped_app
    await app(scope, receive, sender)
  File "C:\Users\12941\AppData\Local\Programs\Python\Python313\Lib\site-packages\starlette\routing.py", line 715, in __call__
    await self.middleware_stack(scope, receive, send)
  File "C:\Users\12941\AppData\Local\Programs\Python\Python313\Lib\site-packages\starlette\routing.py", line 735, in app
    await route.handle(scope, receive, send)
  File "C:\Users\12941\AppData\Local\Programs\Python\Python313\Lib\site-packages\starlette\routing.py", line 288, in handle
    await self.app(scope, receive, send)
  File "C:\Users\12941\AppData\Local\Programs\Python\Python313\Lib\site-packages\starlette\routing.py", line 76, in app
    await wrap_app_handling_exceptions(app, request)(scope, receive, send)
  File "C:\Users\12941\AppData\Local\Programs\Python\Python313\Lib\site-packages\starlette\_exception_handler.py", line 62, in wrapped_app
    raise exc
  File "C:\Users\12941\AppData\Local\Programs\Python\Python313\Lib\site-packages\starlette\_exception_handler.py", line 51, in wrapped_app
    await app(scope, receive, sender)
  File "C:\Users\12941\AppData\Local\Programs\Python\Python313\Lib\site-packages\starlette\routing.py", line 73, in app
    response = await f(request)
               ^^^^^^^^^^^^^^^^
  File "C:\Users\12941\AppData\Local\Programs\Python\Python313\Lib\site-packages\fastapi\routing.py", line 291, in app
    solved_result = await solve_dependencies(
                    ^^^^^^^^^^^^^^^^^^^^^^^^^
    ...<6 lines>...
    )
    ^
  File "C:\Users\12941\AppData\Local\Programs\Python\Python313\Lib\site-packages\fastapi\dependencies\utils.py", line 628, in solve_dependencies
    solved = await call(**solved_result.values)
             ^^^^^^^^^^^^^^^^^^^^^^^^^^^^^^^^^^
  File "D:\codes\Attribution_Analysis\backend\src\route\api\v1\deps_auth.py", line 37, in get_current_user_id
    svc = AuthAppService(session)
TypeError: AuthAppService.__init__() takes 1 positional argument but 2 were given
INFO:     127.0.0.1:62756 - "GET /api/v1/auth/me HTTP/1.1" 500 Internal Server Error
ERROR:    Exception in ASGI application
Traceback (most recent call last):
  File "C:\Users\12941\AppData\Local\Programs\Python\Python313\Lib\site-packages\uvicorn\protocols\http\httptools_impl.py", line 401, in run_asgi
    result = await app(  # type: ignore[func-returns-value]
             ^^^^^^^^^^^^^^^^^^^^^^^^^^^^^^^^^^^^^^^^^^^^^^
        self.scope, self.receive, self.send
        ^^^^^^^^^^^^^^^^^^^^^^^^^^^^^^^^^^^
    )
    ^
  File "C:\Users\12941\AppData\Local\Programs\Python\Python313\Lib\site-packages\uvicorn\middleware\proxy_headers.py", line 70, in __call__
    return await self.app(scope, receive, send)
           ^^^^^^^^^^^^^^^^^^^^^^^^^^^^^^^^^^^^
  File "C:\Users\12941\AppData\Local\Programs\Python\Python313\Lib\site-packages\fastapi\applications.py", line 1054, in __call__
    await super().__call__(scope, receive, send)
  File "C:\Users\12941\AppData\Local\Programs\Python\Python313\Lib\site-packages\starlette\applications.py", line 113, in __call__
    await self.middleware_stack(scope, receive, send)
  File "C:\Users\12941\AppData\Local\Programs\Python\Python313\Lib\site-packages\starlette\middleware\errors.py", line 187, in __call__
    raise exc
  File "C:\Users\12941\AppData\Local\Programs\Python\Python313\Lib\site-packages\starlette\middleware\errors.py", line 165, in __call__
    await self.app(scope, receive, _send)
  File "C:\Users\12941\AppData\Local\Programs\Python\Python313\Lib\site-packages\starlette\middleware\cors.py", line 85, in __call__
    await self.app(scope, receive, send)
  File "C:\Users\12941\AppData\Local\Programs\Python\Python313\Lib\site-packages\starlette\middleware\exceptions.py", line 62, in __call__
    await wrap_app_handling_exceptions(self.app, conn)(scope, receive, send)
  File "C:\Users\12941\AppData\Local\Programs\Python\Python313\Lib\site-packages\starlette\_exception_handler.py", line 62, in wrapped_app
    raise exc
  File "C:\Users\12941\AppData\Local\Programs\Python\Python313\Lib\site-packages\starlette\_exception_handler.py", line 51, in wrapped_app
    await app(scope, receive, sender)
  File "C:\Users\12941\AppData\Local\Programs\Python\Python313\Lib\site-packages\starlette\routing.py", line 715, in __call__
    await self.middleware_stack(scope, receive, send)
  File "C:\Users\12941\AppData\Local\Programs\Python\Python313\Lib\site-packages\starlette\routing.py", line 735, in app
    await route.handle(scope, receive, send)
  File "C:\Users\12941\AppData\Local\Programs\Python\Python313\Lib\site-packages\starlette\routing.py", line 288, in handle
    await self.app(scope, receive, send)
  File "C:\Users\12941\AppData\Local\Programs\Python\Python313\Lib\site-packages\starlette\routing.py", line 76, in app
    await wrap_app_handling_exceptions(app, request)(scope, receive, send)
  File "C:\Users\12941\AppData\Local\Programs\Python\Python313\Lib\site-packages\starlette\_exception_handler.py", line 62, in wrapped_app
    raise exc
  File "C:\Users\12941\AppData\Local\Programs\Python\Python313\Lib\site-packages\starlette\_exception_handler.py", line 51, in wrapped_app
    await app(scope, receive, sender)
  File "C:\Users\12941\AppData\Local\Programs\Python\Python313\Lib\site-packages\starlette\routing.py", line 73, in app
    response = await f(request)
               ^^^^^^^^^^^^^^^^
  File "C:\Users\12941\AppData\Local\Programs\Python\Python313\Lib\site-packages\fastapi\routing.py", line 291, in app
    solved_result = await solve_dependencies(
                    ^^^^^^^^^^^^^^^^^^^^^^^^^
    ...<6 lines>...
    )
    ^
  File "C:\Users\12941\AppData\Local\Programs\Python\Python313\Lib\site-packages\fastapi\dependencies\utils.py", line 628, in solve_dependencies
    solved = await call(**solved_result.values)
             ^^^^^^^^^^^^^^^^^^^^^^^^^^^^^^^^^^
  File "D:\codes\Attribution_Analysis\backend\src\route\api\v1\deps_auth.py", line 37, in get_current_user_id
    svc = AuthAppService(session)
TypeError: AuthAppService.__init__() takes 1 positional argument but 2 were given
INFO:     127.0.0.1:50811 - "GET /api/v1/auth/captcha/generate HTTP/1.1" 200 OK
INFO:     127.0.0.1:50813 - "GET /api/v1/auth/captcha/generate HTTP/1.1" 200 OK
INFO:     127.0.0.1:60814 - "POST /api/v1/auth/login HTTP/1.1" 200 OK
INFO:     127.0.0.1:65032 - "GET /api/v1/concepts/concept-board?type_filter=all&sort_by=pct_change&order=desc&page=1&page_size=500 HTTP/1.1" 200 OK
INFO:     127.0.0.1:61424 - "GET /api/v1/concepts/concept-board/members?concept_id=244&sort_by=pct_change&order=desc&with_pools=true&page=1&page_size=50 HTTP/1.1" 200 OK
INFO:     127.0.0.1:53771 - "GET /api/v1/concepts/concept-board/members?concept_id=244&sort_by=pct_change&order=desc&with_pools=true&page=1&page_size=50 HTTP/1.1" 200 OK
INFO:     127.0.0.1:55708 - "GET /api/v1/concepts/concept-board?type_filter=industry&sort_by=pct_change&order=desc&page=1&page_size=500 HTTP/1.1" 200 OK
INFO:     127.0.0.1:56311 - "GET /api/v1/concepts/concept-board?type_filter=theme&sort_by=pct_change&order=desc&page=1&page_size=500 HTTP/1.1" 200 OK
INFO:     127.0.0.1:54176 - "GET /api/v1/concepts/concept-board?type_filter=industry&sort_by=pct_change&order=desc&page=1&page_size=500 HTTP/1.1" 200 OK
INFO:     127.0.0.1:60770 - "GET /api/v1/concepts/concept-board?type_filter=all&sort_by=pct_change&order=desc&page=1&page_size=500 HTTP/1.1" 200 OK
INFO:     127.0.0.1:51142 - "GET /api/v1/concepts/concept-board?type_filter=all&sort_by=pct_change&order=desc&page=1&page_size=500 HTTP/1.1" 200 OK
INFO:     127.0.0.1:50177 - "GET /api/v1/concepts/concept-board/members?concept_id=367&sort_by=pct_change&order=desc&with_pools=true&page=1&page_size=50 HTTP/1.1" 200 OK
INFO:     127.0.0.1:63315 - "GET /api/v1/concepts/concept-board/members?concept_id=367&sort_by=pct_change&order=desc&with_pools=true&page=1&page_size=50 HTTP/1.1" 200 OK
2026-10-03 15:04:06,061  ERROR     root  未处理的异常: AuthAppService.__init__() takes 1 positional argument but 2 were given
Traceback (most recent call last):
  File "C:\Users\12941\AppData\Local\Programs\Python\Python313\Lib\site-packages\starlette\middleware\errors.py", line 165, in __call__
    await self.app(scope, receive, _send)
  File "C:\Users\12941\AppData\Local\Programs\Python\Python313\Lib\site-packages\starlette\middleware\cors.py", line 85, in __call__
    await self.app(scope, receive, send)
  File "C:\Users\12941\AppData\Local\Programs\Python\Python313\Lib\site-packages\starlette\middleware\exceptions.py", line 62, in __call__
    await wrap_app_handling_exceptions(self.app, conn)(scope, receive, send)
  File "C:\Users\12941\AppData\Local\Programs\Python\Python313\Lib\site-packages\starlette\_exception_handler.py", line 62, in wrapped_app
    raise exc
  File "C:\Users\12941\AppData\Local\Programs\Python\Python313\Lib\site-packages\starlette\_exception_handler.py", line 51, in wrapped_app
    await app(scope, receive, sender)
  File "C:\Users\12941\AppData\Local\Programs\Python\Python313\Lib\site-packages\starlette\routing.py", line 715, in __call__
    await self.middleware_stack(scope, receive, send)
  File "C:\Users\12941\AppData\Local\Programs\Python\Python313\Lib\site-packages\starlette\routing.py", line 735, in app
    await route.handle(scope, receive, send)
  File "C:\Users\12941\AppData\Local\Programs\Python\Python313\Lib\site-packages\starlette\routing.py", line 288, in handle
    await self.app(scope, receive, send)
  File "C:\Users\12941\AppData\Local\Programs\Python\Python313\Lib\site-packages\starlette\routing.py", line 76, in app
    await wrap_app_handling_exceptions(app, request)(scope, receive, send)
  File "C:\Users\12941\AppData\Local\Programs\Python\Python313\Lib\site-packages\starlette\_exception_handler.py", line 62, in wrapped_app
    raise exc
  File "C:\Users\12941\AppData\Local\Programs\Python\Python313\Lib\site-packages\starlette\_exception_handler.py", line 51, in wrapped_app
    await app(scope, receive, sender)
  File "C:\Users\12941\AppData\Local\Programs\Python\Python313\Lib\site-packages\starlette\routing.py", line 73, in app
    response = await f(request)
               ^^^^^^^^^^^^^^^^
  File "C:\Users\12941\AppData\Local\Programs\Python\Python313\Lib\site-packages\fastapi\routing.py", line 291, in app
    solved_result = await solve_dependencies(
                    ^^^^^^^^^^^^^^^^^^^^^^^^^
    ...<6 lines>...
    )
    ^
  File "C:\Users\12941\AppData\Local\Programs\Python\Python313\Lib\site-packages\fastapi\dependencies\utils.py", line 628, in solve_dependencies
    solved = await call(**solved_result.values)
             ^^^^^^^^^^^^^^^^^^^^^^^^^^^^^^^^^^
  File "D:\codes\Attribution_Analysis\backend\src\route\api\v1\deps_auth.py", line 37, in get_current_user_id
    svc = AuthAppService(session)
TypeError: AuthAppService.__init__() takes 1 positional argument but 2 were given
INFO:     127.0.0.1:56005 - "GET /api/v1/auth/me HTTP/1.1" 500 Internal Server Error
ERROR:    Exception in ASGI application
Traceback (most recent call last):
  File "C:\Users\12941\AppData\Local\Programs\Python\Python313\Lib\site-packages\uvicorn\protocols\http\httptools_impl.py", line 401, in run_asgi
    result = await app(  # type: ignore[func-returns-value]
             ^^^^^^^^^^^^^^^^^^^^^^^^^^^^^^^^^^^^^^^^^^^^^^
        self.scope, self.receive, self.send
        ^^^^^^^^^^^^^^^^^^^^^^^^^^^^^^^^^^^
    )
    ^
  File "C:\Users\12941\AppData\Local\Programs\Python\Python313\Lib\site-packages\uvicorn\middleware\proxy_headers.py", line 70, in __call__
    return await self.app(scope, receive, send)
           ^^^^^^^^^^^^^^^^^^^^^^^^^^^^^^^^^^^^
  File "C:\Users\12941\AppData\Local\Programs\Python\Python313\Lib\site-packages\fastapi\applications.py", line 1054, in __call__
    await super().__call__(scope, receive, send)
  File "C:\Users\12941\AppData\Local\Programs\Python\Python313\Lib\site-packages\starlette\applications.py", line 113, in __call__
    await self.middleware_stack(scope, receive, send)
  File "C:\Users\12941\AppData\Local\Programs\Python\Python313\Lib\site-packages\starlette\middleware\errors.py", line 187, in __call__
    raise exc
  File "C:\Users\12941\AppData\Local\Programs\Python\Python313\Lib\site-packages\starlette\middleware\errors.py", line 165, in __call__
    await self.app(scope, receive, _send)
  File "C:\Users\12941\AppData\Local\Programs\Python\Python313\Lib\site-packages\starlette\middleware\cors.py", line 85, in __call__
    await self.app(scope, receive, send)
  File "C:\Users\12941\AppData\Local\Programs\Python\Python313\Lib\site-packages\starlette\middleware\exceptions.py", line 62, in __call__
    await wrap_app_handling_exceptions(self.app, conn)(scope, receive, send)
  File "C:\Users\12941\AppData\Local\Programs\Python\Python313\Lib\site-packages\starlette\_exception_handler.py", line 62, in wrapped_app
    raise exc
  File "C:\Users\12941\AppData\Local\Programs\Python\Python313\Lib\site-packages\starlette\_exception_handler.py", line 51, in wrapped_app
    await app(scope, receive, sender)
  File "C:\Users\12941\AppData\Local\Programs\Python\Python313\Lib\site-packages\starlette\routing.py", line 715, in __call__
    await self.middleware_stack(scope, receive, send)
  File "C:\Users\12941\AppData\Local\Programs\Python\Python313\Lib\site-packages\starlette\routing.py", line 735, in app
    await route.handle(scope, receive, send)
  File "C:\Users\12941\AppData\Local\Programs\Python\Python313\Lib\site-packages\starlette\routing.py", line 288, in handle
    await self.app(scope, receive, send)
  File "C:\Users\12941\AppData\Local\Programs\Python\Python313\Lib\site-packages\starlette\routing.py", line 76, in app
    await wrap_app_handling_exceptions(app, request)(scope, receive, send)
  File "C:\Users\12941\AppData\Local\Programs\Python\Python313\Lib\site-packages\starlette\_exception_handler.py", line 62, in wrapped_app
    raise exc
  File "C:\Users\12941\AppData\Local\Programs\Python\Python313\Lib\site-packages\starlette\_exception_handler.py", line 51, in wrapped_app
    await app(scope, receive, sender)
  File "C:\Users\12941\AppData\Local\Programs\Python\Python313\Lib\site-packages\starlette\routing.py", line 73, in app
    response = await f(request)
               ^^^^^^^^^^^^^^^^
  File "C:\Users\12941\AppData\Local\Programs\Python\Python313\Lib\site-packages\fastapi\routing.py", line 291, in app
    solved_result = await solve_dependencies(
                    ^^^^^^^^^^^^^^^^^^^^^^^^^
    ...<6 lines>...
    )
    ^
  File "C:\Users\12941\AppData\Local\Programs\Python\Python313\Lib\site-packages\fastapi\dependencies\utils.py", line 628, in solve_dependencies
    solved = await call(**solved_result.values)
             ^^^^^^^^^^^^^^^^^^^^^^^^^^^^^^^^^^
  File "D:\codes\Attribution_Analysis\backend\src\route\api\v1\deps_auth.py", line 37, in get_current_user_id
    svc = AuthAppService(session)
TypeError: AuthAppService.__init__() takes 1 positional argument but 2 were given
2026-10-03 15:04:06,073  ERROR     root  未处理的异常: AuthAppService.__init__() takes 1 positional argument but 2 were given
Traceback (most recent call last):
  File "C:\Users\12941\AppData\Local\Programs\Python\Python313\Lib\site-packages\starlette\middleware\errors.py", line 165, in __call__
    await self.app(scope, receive, _send)
  File "C:\Users\12941\AppData\Local\Programs\Python\Python313\Lib\site-packages\starlette\middleware\cors.py", line 85, in __call__
    await self.app(scope, receive, send)
  File "C:\Users\12941\AppData\Local\Programs\Python\Python313\Lib\site-packages\starlette\middleware\exceptions.py", line 62, in __call__
    await wrap_app_handling_exceptions(self.app, conn)(scope, receive, send)
  File "C:\Users\12941\AppData\Local\Programs\Python\Python313\Lib\site-packages\starlette\_exception_handler.py", line 62, in wrapped_app
    raise exc
  File "C:\Users\12941\AppData\Local\Programs\Python\Python313\Lib\site-packages\starlette\_exception_handler.py", line 51, in wrapped_app
    await app(scope, receive, sender)
  File "C:\Users\12941\AppData\Local\Programs\Python\Python313\Lib\site-packages\starlette\routing.py", line 715, in __call__
    await self.middleware_stack(scope, receive, send)
  File "C:\Users\12941\AppData\Local\Programs\Python\Python313\Lib\site-packages\starlette\routing.py", line 735, in app
    await route.handle(scope, receive, send)
  File "C:\Users\12941\AppData\Local\Programs\Python\Python313\Lib\site-packages\starlette\routing.py", line 288, in handle
    await self.app(scope, receive, send)
  File "C:\Users\12941\AppData\Local\Programs\Python\Python313\Lib\site-packages\starlette\routing.py", line 76, in app
    await wrap_app_handling_exceptions(app, request)(scope, receive, send)
  File "C:\Users\12941\AppData\Local\Programs\Python\Python313\Lib\site-packages\starlette\_exception_handler.py", line 62, in wrapped_app
    raise exc
  File "C:\Users\12941\AppData\Local\Programs\Python\Python313\Lib\site-packages\starlette\_exception_handler.py", line 51, in wrapped_app
    await app(scope, receive, sender)
  File "C:\Users\12941\AppData\Local\Programs\Python\Python313\Lib\site-packages\starlette\routing.py", line 73, in app
    response = await f(request)
               ^^^^^^^^^^^^^^^^
  File "C:\Users\12941\AppData\Local\Programs\Python\Python313\Lib\site-packages\fastapi\routing.py", line 291, in app
    solved_result = await solve_dependencies(
                    ^^^^^^^^^^^^^^^^^^^^^^^^^
    ...<6 lines>...
    )
    ^
  File "C:\Users\12941\AppData\Local\Programs\Python\Python313\Lib\site-packages\fastapi\dependencies\utils.py", line 628, in solve_dependencies
    solved = await call(**solved_result.values)
             ^^^^^^^^^^^^^^^^^^^^^^^^^^^^^^^^^^
  File "D:\codes\Attribution_Analysis\backend\src\route\api\v1\deps_auth.py", line 37, in get_current_user_id
    svc = AuthAppService(session)
TypeError: AuthAppService.__init__() takes 1 positional argument but 2 were given
INFO:     127.0.0.1:50035 - "GET /api/v1/auth/me HTTP/1.1" 500 Internal Server Error
ERROR:    Exception in ASGI application
Traceback (most recent call last):
  File "C:\Users\12941\AppData\Local\Programs\Python\Python313\Lib\site-packages\uvicorn\protocols\http\httptools_impl.py", line 401, in run_asgi
    result = await app(  # type: ignore[func-returns-value]
             ^^^^^^^^^^^^^^^^^^^^^^^^^^^^^^^^^^^^^^^^^^^^^^
        self.scope, self.receive, self.send
        ^^^^^^^^^^^^^^^^^^^^^^^^^^^^^^^^^^^
    )
    ^
  File "C:\Users\12941\AppData\Local\Programs\Python\Python313\Lib\site-packages\uvicorn\middleware\proxy_headers.py", line 70, in __call__
    return await self.app(scope, receive, send)
           ^^^^^^^^^^^^^^^^^^^^^^^^^^^^^^^^^^^^
  File "C:\Users\12941\AppData\Local\Programs\Python\Python313\Lib\site-packages\fastapi\applications.py", line 1054, in __call__
    await super().__call__(scope, receive, send)
  File "C:\Users\12941\AppData\Local\Programs\Python\Python313\Lib\site-packages\starlette\applications.py", line 113, in __call__
    await self.middleware_stack(scope, receive, send)
  File "C:\Users\12941\AppData\Local\Programs\Python\Python313\Lib\site-packages\starlette\middleware\errors.py", line 187, in __call__
    raise exc
  File "C:\Users\12941\AppData\Local\Programs\Python\Python313\Lib\site-packages\starlette\middleware\errors.py", line 165, in __call__
    await self.app(scope, receive, _send)
  File "C:\Users\12941\AppData\Local\Programs\Python\Python313\Lib\site-packages\starlette\middleware\cors.py", line 85, in __call__
    await self.app(scope, receive, send)
  File "C:\Users\12941\AppData\Local\Programs\Python\Python313\Lib\site-packages\starlette\middleware\exceptions.py", line 62, in __call__
    await wrap_app_handling_exceptions(self.app, conn)(scope, receive, send)
  File "C:\Users\12941\AppData\Local\Programs\Python\Python313\Lib\site-packages\starlette\_exception_handler.py", line 62, in wrapped_app
    raise exc
  File "C:\Users\12941\AppData\Local\Programs\Python\Python313\Lib\site-packages\starlette\_exception_handler.py", line 51, in wrapped_app
    await app(scope, receive, sender)
  File "C:\Users\12941\AppData\Local\Programs\Python\Python313\Lib\site-packages\starlette\routing.py", line 715, in __call__
    await self.middleware_stack(scope, receive, send)
  File "C:\Users\12941\AppData\Local\Programs\Python\Python313\Lib\site-packages\starlette\routing.py", line 735, in app
    await route.handle(scope, receive, send)
  File "C:\Users\12941\AppData\Local\Programs\Python\Python313\Lib\site-packages\starlette\routing.py", line 288, in handle
    await self.app(scope, receive, send)
  File "C:\Users\12941\AppData\Local\Programs\Python\Python313\Lib\site-packages\starlette\routing.py", line 76, in app
    await wrap_app_handling_exceptions(app, request)(scope, receive, send)
  File "C:\Users\12941\AppData\Local\Programs\Python\Python313\Lib\site-packages\starlette\_exception_handler.py", line 62, in wrapped_app
    raise exc
  File "C:\Users\12941\AppData\Local\Programs\Python\Python313\Lib\site-packages\starlette\_exception_handler.py", line 51, in wrapped_app
    await app(scope, receive, sender)
  File "C:\Users\12941\AppData\Local\Programs\Python\Python313\Lib\site-packages\starlette\routing.py", line 73, in app
    response = await f(request)
               ^^^^^^^^^^^^^^^^
  File "C:\Users\12941\AppData\Local\Programs\Python\Python313\Lib\site-packages\fastapi\routing.py", line 291, in app
    solved_result = await solve_dependencies(
                    ^^^^^^^^^^^^^^^^^^^^^^^^^
    ...<6 lines>...
    )
    ^
  File "C:\Users\12941\AppData\Local\Programs\Python\Python313\Lib\site-packages\fastapi\dependencies\utils.py", line 628, in solve_dependencies
    solved = await call(**solved_result.values)
             ^^^^^^^^^^^^^^^^^^^^^^^^^^^^^^^^^^
  File "D:\codes\Attribution_Analysis\backend\src\route\api\v1\deps_auth.py", line 37, in get_current_user_id
    svc = AuthAppService(session)
TypeError: AuthAppService.__init__() takes 1 positional argument but 2 were given
INFO:     127.0.0.1:65146 - "GET /api/v1/auth/captcha/generate HTTP/1.1" 200 OK
INFO:     127.0.0.1:60971 - "GET /api/v1/auth/captcha/generate HTTP/1.1" 200 OK
