INFO:     Started server process [12500]
INFO:     Waiting for application startup.
2026-10-03 17:21:14,235  WARNING   root  auth 001_add_role_perm_unique.sql 子句 #1 跳过: 为兼容老 PG,用 INFORMATION_SCHEMA
DELETE FROM sys_role_permissions a
USING sys_role_p | err=(sqlalchemy.dialects.postgresql.asyncpg.ProgrammingError) <class 'asyncpg.exceptions.PostgresSyntaxError'>: syntax error at or near "为兼容老"
[SQL: 为兼容老 PG,用 INFORMATION_SCHEMA
DELETE FROM sys_role_permissions a
USING sys_role_permissions b
WHERE a.role_id = b.role_id
  AND a.permission_id = b.permission_id
  AND a.id > b.id]
(Background on this error at: https://sqlalche.me/e/20/f405)
2026-10-03 17:21:14,348  WARNING   root  auth 001_add_role_perm_unique.sql 子句 #2 跳过: ALTER TABLE sys_role_permissions
    ADD CONSTRAINT uq_sys_role_permissions_role | err=(sqlalchemy.dialects.postgresql.asyncpg.ProgrammingError) <class 'asyncpg.exceptions.DuplicateTableError'>: relation "uq_sys_role_permissions_role_perm" already exists
[SQL: ALTER TABLE sys_role_permissions
    ADD CONSTRAINT uq_sys_role_permissions_role_perm
    UNIQUE (role_id, permission_id)]
(Background on this error at: https://sqlalche.me/e/20/f405)
2026-10-03 17:21:14,584  WARNING   root  auth 001_add_role_perm_unique.sql 子句 #4 跳过: ALTER TABLE sys_user_roles
    ADD CONSTRAINT uq_sys_user_roles_user_role
    UN | err=(sqlalchemy.dialects.postgresql.asyncpg.ProgrammingError) <class 'asyncpg.exceptions.DuplicateTableError'>: relation "uq_sys_user_roles_user_role" already exists
[SQL: ALTER TABLE sys_user_roles
    ADD CONSTRAINT uq_sys_user_roles_user_role
    UNIQUE (user_id, role_id)]
(Background on this error at: https://sqlalche.me/e/20/f405)
2026-10-03 17:21:14,584  INFO      root  auth 001_add_role_perm_unique.sql 迁移完成: success=1 skip=3
2026-10-03 17:21:16,570  INFO      root  auth 002_auth_system.sql 迁移完成: success=17 skip=0
2026-10-03 17:21:17,215  INFO      root  auth 003_drop_username.sql 迁移完成: success=5 skip=0
2026-10-03 17:21:17,564  INFO      root  auth 005_drop_redis_replaced_tables.sql 迁移完成: success=3 skip=0
2026-10-03 17:21:18,018  INFO      root  admin@local hash 校验通过,无需重置
2026-10-03 17:21:18,187  INFO      application.port.registry  注册单例: KlineFetcher ← TushareFetcher
2026-10-03 17:21:18,187  INFO      application.port.registry  注册工厂: KlineFetcher
2026-10-03 17:21:18,188  INFO      application.port.registry  注册单例: StockBasicFetcher ← TushareFetcher
2026-10-03 17:21:18,188  INFO      application.port.registry  注册工厂: StockBasicFetcher
2026-10-03 17:21:18,188  INFO      application.port.registry  注册单例: DailyBasicFetcher ← TushareFetcher
2026-10-03 17:21:18,188  INFO      application.port.registry  注册工厂: DailyBasicFetcher
2026-10-03 17:21:18,188  INFO      application.port.registry  注册单例: FinReportFetcher ← TushareFetcher
2026-10-03 17:21:18,188  INFO      application.port.registry  注册单例: MinuteKlineFetcher ← PytdxFetcher
2026-10-03 17:21:18,188  INFO      application.port.registry  注册工厂: MinuteKlineFetcher
2026-10-03 17:21:18,221  INFO      application.port.registry  注册单例: ConceptFetcher ← AdataConceptFetcher
2026-10-03 17:21:18,221  INFO      application.port.registry  注册工厂: ConceptFetcher
2026-10-03 17:21:18,221  INFO      infrastructure.config.di  FetcherRegistry 初始化完成: FetcherRegistry(providers=['KlineFetcher', 'StockBasicFetcher', 'DailyBasicFetcher', 'FinReportFetcher', 'MinuteKlineFetcher', 'ConceptFetcher'], factories=['KlineFetcher', 'StockBasicFetcher', 'DailyBasicFetcher', 'MinuteKlineFetcher', 'ConceptFetcher'])
2026-10-03 17:21:18,221  INFO      infrastructure.adapter.scheduler.collect.registry  注册采集任务: daily_kline → DailyKlineCollectTask
2026-10-03 17:21:18,221  INFO      infrastructure.adapter.scheduler.collect.registry  注册采集任务: daily_basic → DailyBasicCollectTask
2026-10-03 17:21:18,221  INFO      infrastructure.adapter.scheduler.collect.registry  注册采集任务: stock_basic → StockBasicCollectTask
2026-10-03 17:21:18,221  INFO      infrastructure.adapter.scheduler.collect.registry  注册采集任务: fin_report → FinReportCollectTask
2026-10-03 17:21:18,221  INFO      infrastructure.adapter.scheduler.collect.registry  注册采集任务: concept → ConceptListCollectTask
2026-10-03 17:21:18,221  INFO      infrastructure.adapter.scheduler.collect.registry  注册采集任务: concept_membership → ConceptMembershipCollectTask
2026-10-03 17:21:18,221  INFO      infrastructure.adapter.scheduler.collect.registry  注册采集任务: concept_index_th → ConceptIndexTHCollectTask
2026-10-03 17:21:18,221  INFO      infrastructure.adapter.scheduler.collect.registry  注册采集任务: base_adj_factor → BaseAdjFactorCollectTask
2026-10-03 17:21:18,221  INFO      infrastructure.adapter.scheduler.collect.registry  注册采集任务: base_suspend → BaseSuspendCollectTask
2026-10-03 17:21:18,221  INFO      infrastructure.adapter.scheduler.collect.registry  注册采集任务: base_name_change → BaseNameChangeCollectTask
2026-10-03 17:21:18,221  INFO      infrastructure.adapter.scheduler.collect.registry  注册采集任务: minute_kline → MinuteKlineCollectTask
2026-10-03 17:21:18,221  INFO      infrastructure.adapter.scheduler.collect.registry  注册采集任务: cap_margin_detail → CapMarginDetailCollectTask
2026-10-03 17:21:18,221  INFO      infrastructure.adapter.scheduler.collect.registry  注册采集任务: cap_moneyflow → CapMoneyflowCollectTask
2026-10-03 17:21:18,221  INFO      infrastructure.adapter.scheduler.collect.registry  注册采集任务: cap_top_list → CapTopListCollectTask
2026-10-03 17:21:18,221  INFO      infrastructure.adapter.scheduler.collect.registry  注册采集任务: cap_top_inst → CapTopInstCollectTask
2026-10-03 17:21:18,221  INFO      infrastructure.adapter.scheduler.collect.registry  注册采集任务: cap_block_trade → CapBlockTradeCollectTask
2026-10-03 17:21:18,221  INFO      infrastructure.adapter.scheduler.collect.registry  注册采集任务: cap_holder_num → CapHolderNumCollectTask
2026-10-03 17:21:18,221  INFO      infrastructure.adapter.scheduler.collect.registry  注册采集任务: fin_top10_holders → FinTop10HoldersCollectTask
2026-10-03 17:21:18,221  INFO      infrastructure.adapter.scheduler.collect.registry  注册采集任务: fin_top10_floatholders → FinTop10FloatHoldersCollectTask
2026-10-03 17:21:18,221  INFO      infrastructure.adapter.scheduler.collect.registry  注册采集任务: base_dividend → BaseDividendCollectTask
2026-10-03 17:21:18,221  INFO      infrastructure.adapter.scheduler.collect.registry  注册采集任务: news_article → NewsArticleCollectTask
2026-10-03 17:21:18,222  INFO      infrastructure.adapter.realtime.registry  注册实时接口: concept_minute → ConceptMinuteQuery
2026-10-03 17:21:18,222  INFO      infrastructure.adapter.realtime.registry  注册实时接口: stock_minute_kline → StockMinuteKlineQuery
2026-10-03 17:21:18,497  INFO      apscheduler.scheduler  Scheduler started
2026-10-03 17:21:18,497  INFO      infrastructure.adapter.scheduler.collect_scheduler  采集调度器已启动: 0 个 job
INFO:     Application startup complete.
ERROR:    [Errno 10048] error while attempting to bind on address ('0.0.0.0', 8000): [winerror 10048] 通常每个套接字地址(协议/网络地址/端口)只允许使用一次。
INFO:     Waiting for application shutdown.
2026-10-03 17:21:18,498  INFO      infrastructure.adapter.scheduler.collect_scheduler  采集调度器已关闭
2026-10-03 17:21:18,498  INFO      apscheduler.scheduler  Scheduler has been shut down
INFO:     Application shutdown complete.
